// Jest Snapshot v1, https://goo.gl/fbAQLP

exports[`renders correctly 1`] = `
<button
  className="primary-button undefined"
  onClick={[Function]}
  type="button"
>
  On Click
</button>
`;
