// Jest Snapshot v1, https://goo.gl/fbAQLP

exports[`renders correctly 1`] = `
<div
  className=" character-thumbnail"
  onClick={[Function]}
>
  <img
    alt=""
    src="."
    width="100%"
  />
</div>
`;
